Installing dependencies from lock file

Package operations: 1 install, 0 updates, 0 removals

  - Installing pillow (10.4.0)
/tmp/tmptf4p2409/.venv/lib/python3.14/site-packages/setuptools/config/_apply_pyprojecttoml.py:82: BuildBackendWarning: `project.license` as a TOML table is deprecated
!!

        ********************************************************************************
        Please use a simple string containing a SPDX expression for `project.license`. You can also use `project.license-files`. (Both options available on setuptools>=77.0.0).

        By 2027-Feb-18, you need to update your project and remove deprecated calls
        or your builds will no longer be supported.

        See https://packaging.python.org/en/latest/guides/writing-pyproject-toml/#license for details.
        ********************************************************************************

!!
  corresp(dist, value, root_dir)
/tmp/tmptf4p2409/.venv/lib/python3.14/site-packages/setuptools/config/_apply_pyprojecttoml.py:61: BuildBackendWarning: License classifiers are deprecated.
!!

        ********************************************************************************
        Please consider removing the following classifiers in favor of a SPDX license expression:

        License :: OSI Approved :: Historical Permission Notice and Disclaimer (HPND)

        See https://packaging.python.org/en/latest/guides/writing-pyproject-toml/#license for details.
        ********************************************************************************

!!
  dist._finalize_license_expression()
/tmp/tmptf4p2409/.venv/lib/python3.14/site-packages/setuptools/dist.py:765: BuildBackendWarning: License classifiers are deprecated.
!!

        ********************************************************************************
        Please consider removing the following classifiers in favor of a SPDX license expression:

        License :: OSI Approved :: Historical Permission Notice and Disclaimer (HPND)

        See https://packaging.python.org/en/latest/guides/writing-pyproject-toml/#license for details.
        ********************************************************************************

!!
  self._finalize_license_expression()

PEP517 build of a dependency failed

Backend subprocess exited when trying to invoke build_wheel

    | Command '['/tmp/tmptf4p2409/.venv/bin/python', '/home/JDan/.local/lib/python3.14/site-packages/pyproject_hooks/_in_process/_in_process.py', 'build_wheel', '/tmp/tmpecvn8_1_']' returned non-zero exit status 1.
    | 
    | running bdist_wheel
    | running build
    | running build_py
    | creating build/lib.linux-x86_64-cpython-314/PIL
    | copying src/PIL/report.py -> build/lib.linux-x86_64-cpython-314/PIL
    | copying src/PIL/features.py -> build/lib.linux-x86_64-cpython-314/PIL
    | copying src/PIL/_version.py -> build/lib.linux-x86_64-cpython-314/PIL
    | copying src/PIL/_util.py -> build/lib.linux-x86_64-cpython-314/PIL
    | copying src/PIL/_typing.py -> build/lib.linux-x86_64-cpython-314/PIL
    | copying src/PIL/_tkinter_finder.py -> build/lib.linux-x86_64-cpython-314/PIL
    | copying src/PIL/_deprecate.py -> build/lib.linux-x86_64-cpython-314/PIL
    | copying src/PIL/_binary.py -> build/lib.linux-x86_64-cpython-314/PIL
    | copying src/PIL/__main__.py -> build/lib.linux-x86_64-cpython-314/PIL
    | copying src/PIL/__init__.py -> build/lib.linux-x86_64-cpython-314/PIL
    | copying src/PIL/XpmImagePlugin.py -> build/lib.linux-x86_64-cpython-314/PIL
    | copying src/PIL/XbmImagePlugin.py -> build/lib.linux-x86_64-cpython-314/PIL
    | copying src/PIL/XVThumbImagePlugin.py -> build/lib.linux-x86_64-cpython-314/PIL
    | copying src/PIL/WmfImagePlugin.py -> build/lib.linux-x86_64-cpython-314/PIL
    | copying src/PIL/WebPImagePlugin.py -> build/lib.linux-x86_64-cpython-314/PIL
    | copying src/PIL/WalImageFile.py -> build/lib.linux-x86_64-cpython-314/PIL
    | copying src/PIL/TiffTags.py -> build/lib.linux-x86_64-cpython-314/PIL
    | copying src/PIL/TiffImagePlugin.py -> build/lib.linux-x86_64-cpython-314/PIL
    | copying src/PIL/TgaImagePlugin.py -> build/lib.linux-x86_64-cpython-314/PIL
    | copying src/PIL/TarIO.py -> build/lib.linux-x86_64-cpython-314/PIL
    | copying src/PIL/SunImagePlugin.py -> build/lib.linux-x86_64-cpython-314/PIL
    | copying src/PIL/SpiderImagePlugin.py -> build/lib.linux-x86_64-cpython-314/PIL
    | copying src/PIL/SgiImagePlugin.py -> build/lib.linux-x86_64-cpython-314/PIL
    | copying src/PIL/QoiImagePlugin.py -> build/lib.linux-x86_64-cpython-314/PIL
    | copying src/PIL/PyAccess.py -> build/lib.linux-x86_64-cpython-314/PIL
    | copying src/PIL/PsdImagePlugin.py -> build/lib.linux-x86_64-cpython-314/PIL
    | copying src/PIL/PpmImagePlugin.py -> build/lib.linux-x86_64-cpython-314/PIL
    | copying src/PIL/PngImagePlugin.py -> build/lib.linux-x86_64-cpython-314/PIL
    | copying src/PIL/PixarImagePlugin.py -> build/lib.linux-x86_64-cpython-314/PIL
    | copying src/PIL/PdfParser.py -> build/lib.linux-x86_64-cpython-314/PIL
    | copying src/PIL/PdfImagePlugin.py -> build/lib.linux-x86_64-cpython-314/PIL
    | copying src/PIL/PcxImagePlugin.py -> build/lib.linux-x86_64-cpython-314/PIL
    | copying src/PIL/PcfFontFile.py -> build/lib.linux-x86_64-cpython-314/PIL
    | copying src/PIL/PcdImagePlugin.py -> build/lib.linux-x86_64-cpython-314/PIL
    | copying src/PIL/PalmImagePlugin.py -> build/lib.linux-x86_64-cpython-314/PIL
    | copying src/PIL/PaletteFile.py -> build/lib.linux-x86_64-cpython-314/PIL
    | copying src/PIL/PSDraw.py -> build/lib.linux-x86_64-cpython-314/PIL
    | copying src/PIL/MspImagePlugin.py -> build/lib.linux-x86_64-cpython-314/PIL
    | copying src/PIL/MpoImagePlugin.py -> build/lib.linux-x86_64-cpython-314/PIL
    | copying src/PIL/MpegImagePlugin.py -> build/lib.linux-x86_64-cpython-314/PIL
    | copying src/PIL/MicImagePlugin.py -> build/lib.linux-x86_64-cpython-314/PIL
    | copying src/PIL/McIdasImagePlugin.py -> build/lib.linux-x86_64-cpython-314/PIL
    | copying src/PIL/JpegPresets.py -> build/lib.linux-x86_64-cpython-314/PIL
    | copying src/PIL/JpegImagePlugin.py -> build/lib.linux-x86_64-cpython-314/PIL
    | copying src/PIL/Jpeg2KImagePlugin.py -> build/lib.linux-x86_64-cpython-314/PIL
    | copying src/PIL/IptcImagePlugin.py -> build/lib.linux-x86_64-cpython-314/PIL
    | copying src/PIL/ImtImagePlugin.py -> build/lib.linux-x86_64-cpython-314/PIL
    | copying src/PIL/ImageWin.py -> build/lib.linux-x86_64-cpython-314/PIL
    | copying src/PIL/ImageTransform.py -> build/lib.linux-x86_64-cpython-314/PIL
    | copying src/PIL/ImageTk.py -> build/lib.linux-x86_64-cpython-314/PIL
    | copying src/PIL/ImageStat.py -> build/lib.linux-x86_64-cpython-314/PIL
    | copying src/PIL/ImageShow.py -> build/lib.linux-x86_64-cpython-314/PIL
    | copying src/PIL/ImageSequence.py -> build/lib.linux-x86_64-cpython-314/PIL
    | copying src/PIL/ImageQt.py -> build/lib.linux-x86_64-cpython-314/PIL
    | copying src/PIL/ImagePath.py -> build/lib.linux-x86_64-cpython-314/PIL
    | copying src/PIL/ImagePalette.py -> build/lib.linux-x86_64-cpython-314/PIL
    | copying src/PIL/ImageOps.py -> build/lib.linux-x86_64-cpython-314/PIL
    | copying src/PIL/ImageMorph.py -> build/lib.linux-x86_64-cpython-314/PIL
    | copying src/PIL/ImageMode.py -> build/lib.linux-x86_64-cpython-314/PIL
    | copying src/PIL/ImageMath.py -> build/lib.linux-x86_64-cpython-314/PIL
    | copying src/PIL/ImageGrab.py -> build/lib.linux-x86_64-cpython-314/PIL
    | copying src/PIL/ImageFont.py -> build/lib.linux-x86_64-cpython-314/PIL
    | copying src/PIL/ImageFilter.py -> build/lib.linux-x86_64-cpython-314/PIL
    | copying src/PIL/ImageFile.py -> build/lib.linux-x86_64-cpython-314/PIL
    | copying src/PIL/ImageEnhance.py -> build/lib.linux-x86_64-cpython-314/PIL
    | copying src/PIL/ImageDraw2.py -> build/lib.linux-x86_64-cpython-314/PIL
    | copying src/PIL/ImageDraw.py -> build/lib.linux-x86_64-cpython-314/PIL
    | copying src/PIL/ImageColor.py -> build/lib.linux-x86_64-cpython-314/PIL
    | copying src/PIL/ImageCms.py -> build/lib.linux-x86_64-cpython-314/PIL
    | copying src/PIL/ImageChops.py -> build/lib.linux-x86_64-cpython-314/PIL
    | copying src/PIL/Image.py -> build/lib.linux-x86_64-cpython-314/PIL
    | copying src/PIL/ImImagePlugin.py -> build/lib.linux-x86_64-cpython-314/PIL
    | copying src/PIL/IcoImagePlugin.py -> build/lib.linux-x86_64-cpython-314/PIL
    | copying src/PIL/IcnsImagePlugin.py -> build/lib.linux-x86_64-cpython-314/PIL
    | copying src/PIL/Hdf5StubImagePlugin.py -> build/lib.linux-x86_64-cpython-314/PIL
    | copying src/PIL/GribStubImagePlugin.py -> build/lib.linux-x86_64-cpython-314/PIL
    | copying src/PIL/GimpPaletteFile.py -> build/lib.linux-x86_64-cpython-314/PIL
    | copying src/PIL/GimpGradientFile.py -> build/lib.linux-x86_64-cpython-314/PIL
    | copying src/PIL/GifImagePlugin.py -> build/lib.linux-x86_64-cpython-314/PIL
    | copying src/PIL/GdImageFile.py -> build/lib.linux-x86_64-cpython-314/PIL
    | copying src/PIL/GbrImagePlugin.py -> build/lib.linux-x86_64-cpython-314/PIL
    | copying src/PIL/FtexImagePlugin.py -> build/lib.linux-x86_64-cpython-314/PIL
    | copying src/PIL/FpxImagePlugin.py -> build/lib.linux-x86_64-cpython-314/PIL
    | copying src/PIL/FontFile.py -> build/lib.linux-x86_64-cpython-314/PIL
    | copying src/PIL/FliImagePlugin.py -> build/lib.linux-x86_64-cpython-314/PIL
    | copying src/PIL/FitsImagePlugin.py -> build/lib.linux-x86_64-cpython-314/PIL
    | copying src/PIL/ExifTags.py -> build/lib.linux-x86_64-cpython-314/PIL
    | copying src/PIL/EpsImagePlugin.py -> build/lib.linux-x86_64-cpython-314/PIL
    | copying src/PIL/DdsImagePlugin.py -> build/lib.linux-x86_64-cpython-314/PIL
    | copying src/PIL/DcxImagePlugin.py -> build/lib.linux-x86_64-cpython-314/PIL
    | copying src/PIL/CurImagePlugin.py -> build/lib.linux-x86_64-cpython-314/PIL
    | copying src/PIL/ContainerIO.py -> build/lib.linux-x86_64-cpython-314/PIL
    | copying src/PIL/BufrStubImagePlugin.py -> build/lib.linux-x86_64-cpython-314/PIL
    | copying src/PIL/BmpImagePlugin.py -> build/lib.linux-x86_64-cpython-314/PIL
    | copying src/PIL/BlpImagePlugin.py -> build/lib.linux-x86_64-cpython-314/PIL
    | copying src/PIL/BdfFontFile.py -> build/lib.linux-x86_64-cpython-314/PIL
    | running egg_info
    | writing src/pillow.egg-info/PKG-INFO
    | writing dependency_links to src/pillow.egg-info/dependency_links.txt
    | writing requirements to src/pillow.egg-info/requires.txt
    | writing top-level names to src/pillow.egg-info/top_level.txt
    | reading manifest file 'src/pillow.egg-info/SOURCES.txt'
    | reading manifest template 'MANIFEST.in'
    | warning: no files found matching '*.c'
    | warning: no files found matching '*.h'
    | warning: no files found matching '*.sh'
    | warning: no files found matching '*.txt'
    | warning: no files found matching '.flake8'
    | warning: no previously-included files found matching '.appveyor.yml'
    | warning: no previously-included files found matching '.clang-format'
    | warning: no previously-included files found matching '.coveragerc'
    | warning: no previously-included files found matching '.editorconfig'
    | warning: no previously-included files found matching '.readthedocs.yml'
    | warning: no previously-included files found matching 'codecov.yml'
    | warning: no previously-included files found matching 'renovate.json'
    | warning: no previously-included files matching '.git*' found anywhere in distribution
    | warning: no previously-included files matching '*.so' found anywhere in distribution
    | no previously-included directories found matching '.ci'
    | no previously-included directories found matching 'wheels'
    | adding license file 'LICENSE'
    | writing manifest file 'src/pillow.egg-info/SOURCES.txt'
    | copying src/PIL/_imaging.pyi -> build/lib.linux-x86_64-cpython-314/PIL
    | copying src/PIL/_imagingcms.pyi -> build/lib.linux-x86_64-cpython-314/PIL
    | copying src/PIL/_imagingft.pyi -> build/lib.linux-x86_64-cpython-314/PIL
    | copying src/PIL/_imagingmath.pyi -> build/lib.linux-x86_64-cpython-314/PIL
    | copying src/PIL/_imagingmorph.pyi -> build/lib.linux-x86_64-cpython-314/PIL
    | copying src/PIL/_webp.pyi -> build/lib.linux-x86_64-cpython-314/PIL
    | copying src/PIL/py.typed -> build/lib.linux-x86_64-cpython-314/PIL
    | running build_ext
    | building 'PIL._imaging' extension
    | building 'PIL._imagingtk' extension
    | building 'PIL._webp' extension
    | gcc -fno-strict-overflow -Wsign-compare -DDYNAMIC_ANNOTATIONS_ENABLED=1 -DNDEBUG -fcf-protection -fexceptions -fcf-protection -fexceptions -fcf-protection -fexceptions -O3 -fPIC -I/usr/include -I/usr/include/webp -I/tmp/tmptf4p2409/.venv/include -I/var/usrlocal/include -I/tmp/tmptf4p2409/.venv/include -I/usr/include/python3.14 -c src/Tk/tkImaging.c -o build/temp.linux-x86_64-cpython-314/src/Tk/tkImaging.o
    | gcc -fno-strict-overflow -Wsign-compare -DDYNAMIC_ANNOTATIONS_ENABLED=1 -DNDEBUG -fcf-protection -fexceptions -fcf-protection -fexceptions -fcf-protection -fexceptions -O3 -fPIC -DHAVE_WEBPMUX -I/usr/include -I/usr/include/webp -I/tmp/tmptf4p2409/.venv/include -I/var/usrlocal/include -I/tmp/tmptf4p2409/.venv/include -I/usr/include/python3.14 -c src/_webp.c -o build/temp.linux-x86_64-cpython-314/src/_webp.o
    | building 'PIL._imagingmath' extension
    | gcc -fno-strict-overflow -Wsign-compare -DDYNAMIC_ANNOTATIONS_ENABLED=1 -DNDEBUG -fcf-protection -fexceptions -fcf-protection -fexceptions -fcf-protection -fexceptions -O3 -fPIC -I/usr/include -I/usr/include/webp -I/tmp/tmptf4p2409/.venv/include -I/var/usrlocal/include -I/tmp/tmptf4p2409/.venv/include -I/usr/include/python3.14 -c src/_imagingmath.c -o build/temp.linux-x86_64-cpython-314/src/_imagingmath.o
    | gcc -fno-strict-overflow -Wsign-compare -DDYNAMIC_ANNOTATIONS_ENABLED=1 -DNDEBUG -fcf-protection -fexceptions -fcf-protection -fexceptions -fcf-protection -fexceptions -O3 -fPIC -DHAVE_LIBTIFF -DHAVE_LIBJPEG -DHAVE_LIBZ -DPILLOW_VERSION=\"10.4.0\" -I/usr/include -I/usr/include/webp -I/tmp/tmptf4p2409/.venv/include -I/var/usrlocal/include -I/tmp/tmptf4p2409/.venv/include -I/usr/include/python3.14 -c src/_imaging.c -o build/temp.linux-x86_64-cpython-314/src/_imaging.o
    | src/_imagingmath.c:16:10: fatal error: Python.h: No such file or directory
    |    16 | #include "Python.h"
    |       |          ^~~~~~~~~~
    | src/_webp.c:2:10: fatal error: Python.h: No such file or directory
    |     2 | #include <Python.h>
    |       |          ^~~~~~~~~~
    | compilation terminated.
    | compilation terminated.
    | In file included from src/Tk/../libImaging/Imaging.h:13,
    |                  from src/Tk/tkImaging.c:42:
    | src/Tk/../libImaging/ImPlatform.h:10:10: fatal error: Python.h: No such file or directory
    |    10 | #include "Python.h"
    |       |          ^~~~~~~~~~
    | compilation terminated.
    | src/_imaging.c:75:10: fatal error: Python.h: No such file or directory
    |    75 | #include "Python.h"
    |       |          ^~~~~~~~~~
    | compilation terminated.
    | building 'PIL._imagingmorph' extension
    | gcc -fno-strict-overflow -Wsign-compare -DDYNAMIC_ANNOTATIONS_ENABLED=1 -DNDEBUG -fcf-protection -fexceptions -fcf-protection -fexceptions -fcf-protection -fexceptions -O3 -fPIC -I/usr/include -I/usr/include/webp -I/tmp/tmptf4p2409/.venv/include -I/var/usrlocal/include -I/tmp/tmptf4p2409/.venv/include -I/usr/include/python3.14 -c src/_imagingmorph.c -o build/temp.linux-x86_64-cpython-314/src/_imagingmorph.o
    | src/_imagingmorph.c:14:10: fatal error: Python.h: No such file or directory
    |    14 | #include "Python.h"
    |       |          ^~~~~~~~~~
    | compilation terminated.
    | error: Command '['gcc', '-fno-strict-overflow', '-Wsign-compare', '-DDYNAMIC_ANNOTATIONS_ENABLED=1', '-DNDEBUG', '-fcf-protection', '-fexceptions', '-fcf-protection', '-fexceptions', '-fcf-protection', '-fexceptions', '-O3', '-fPIC', '-DHAVE_LIBTIFF', '-DHAVE_LIBJPEG', '-DHAVE_LIBZ', '-DPILLOW_VERSION="10.4.0"', '-I/usr/include', '-I/usr/include/webp', '-I/tmp/tmptf4p2409/.venv/include', '-I/var/usrlocal/include', '-I/tmp/tmptf4p2409/.venv/include', '-I/usr/include/python3.14', '-c', 'src/_imaging.c', '-o', 'build/temp.linux-x86_64-cpython-314/src/_imaging.o']' returned non-zero exit status 1.

Note: This error originates from the build backend, and is likely not a problem with poetry but one of the following issues with pillow (10.4.0)

  - not supporting PEP 517 builds
  - not specifying PEP 517 build requirements correctly
  - the build requirements are incompatible with your operating system or Python version
  - the build requirements are missing system dependencies (eg: compilers, libraries, headers).

You can verify this by running pip wheel --no-cache-dir --use-pep517 "pillow (==10.4.0)".

